[    0.000000] Initializing cgroup subsys cpuset
[    0.000000] Initializing cgroup subsys cpu
[    0.000000] Initializing cgroup subsys cpuacct
[    0.000000] Linux version 4.4.0-177-generic (buildd@lgw01-amd64-035) (gcc version 5.4.0 20160609 (Ubuntu 5.4.0-6ubuntu1~16.04.12) ) #207-Ubuntu SMP Mon Mar 16 01:16:10 UTC 2020 (Ubuntu 4.4.0-177.207-generic 4.4.214)
[    0.000000] Command line: BOOT_IMAGE=/boot/vmlinuz-4.4.0-177-generic root=UUID=29520b96-5b73-419e-9d4d-d12052490116 ro console=tty1 console=ttyS0
[    0.000000] KERNEL supported cpus:
[    0.000000]   Intel GenuineIntel
[    0.000000]   AMD AuthenticAMD
[    0.000000]   Centaur CentaurHauls
[    0.000000] x86/fpu: xstate_offset[2]:  576, xstate_sizes[2]:  256
[    0.000000] x86/fpu: Supporting XSAVE feature 0x01: 'x87 floating point registers'
[    0.000000] x86/fpu: Supporting XSAVE feature 0x02: 'SSE registers'
[    0.000000] x86/fpu: Supporting XSAVE feature 0x04: 'AVX registers'
[    0.000000] x86/fpu: Enabled xstate features 0x7, context size is 832 bytes, using 'standard' format.
[    0.000000] e820: BIOS-provided physical RAM map:
[    0.000000] BIOS-e820: [mem 0x0000000000000000-0x000000000009fbff] usable
[    0.000000] BIOS-e820: [mem 0x000000000009fc00-0x000000000009ffff] reserved
[    0.000000] BIOS-e820: [mem 0x00000000000f0000-0x00000000000fffff] reserved
[    0.000000] BIOS-e820: [mem 0x0000000000100000-0x000000007e7effff] usable
[    0.000000] BIOS-e820: [mem 0x000000007e7f0000-0x000000007e7fffff] ACPI data
[    0.000000] BIOS-e820: [mem 0x00000000fec00000-0x00000000fec00fff] reserved
[    0.000000] BIOS-e820: [mem 0x00000000fee00000-0x00000000fee00fff] reserved
[    0.000000] BIOS-e820: [mem 0x00000000fffc0000-0x00000000ffffffff] reserved
[    0.000000] NX (Execute Disable) protection: active
[    0.000000] SMBIOS 2.5 present.
[    0.000000] Hypervisor detected: KVM
[    0.000000] e820: last_pfn = 0x7e7f0 max_arch_pfn = 0x400000000
[    0.000000] MTRR: Disabled
[    0.000000] x86/PAT: MTRRs disabled, skipping PAT initialization too.
[    0.000000] CPU MTRRs all blank - virtualized system.
[    0.000000] x86/PAT: Configuration [0-7]: WB  WT  UC- UC  WB  WT  UC- UC  
[    0.000000] found SMP MP-table at [mem 0x0009fff0-0x0009ffff] mapped at [ffff88000009fff0]
[    0.000000] Scanning 1 areas for low memory corruption
[    0.000000] RAMDISK: [mem 0x361ca000-0x370dcfff]
[    0.000000] ACPI: Early table checksum verification disabled
[    0.000000] ACPI: RSDP 0x00000000000E0000 000024 (v02 VBOX  )
[    0.000000] ACPI: XSDT 0x000000007E7F0030 00003C (v01 VBOX   VBOXXSDT 00000001 ASL  00000061)
[    0.000000] ACPI: FACP 0x000000007E7F00F0 0000F4 (v04 VBOX   VBOXFACP 00000001 ASL  00000061)
[    0.000000] ACPI: DSDT 0x000000007E7F0470 002325 (v02 VBOX   VBOXBIOS 00000002 INTL 20100528)
[    0.000000] ACPI: FACS 0x000000007E7F0200 000040
[    0.000000] ACPI: FACS 0x000000007E7F0200 000040
[    0.000000] ACPI: APIC 0x000000007E7F0240 00005C (v02 VBOX   VBOXAPIC 00000001 ASL  00000061)
[    0.000000] ACPI: SSDT 0x000000007E7F02A0 0001CC (v01 VBOX   VBOXCPUT 00000002 INTL 20100528)
[    0.000000] No NUMA configuration found
[    0.000000] Faking a node at [mem 0x0000000000000000-0x000000007e7effff]
[    0.000000] NODE_DATA(0) allocated [mem 0x7e7eb000-0x7e7effff]
[    0.000000] kvm-clock: Using msrs 4b564d01 and 4b564d00
[    0.000000] kvm-clock: cpu 0, msr 0:7e7e3001, primary cpu clock
[    0.000000] kvm-clock: using sched offset of 4655474903 cycles
[    0.000000] clocksource: kvm-clock: mask: 0xffffffffffffffff max_cycles: 0x1cd42e4dffb, max_idle_ns: 881590591483 ns
[    0.000000] Zone ranges:
[    0.000000]   DMA      [mem 0x0000000000001000-0x0000000000ffffff]
[    0.000000]   DMA32    [mem 0x0000000001000000-0x000000007e7effff]
[    0.000000]   Normal   empty
[    0.000000]   Device   empty
[    0.000000] Movable zone start for each node
[    0.000000] Early memory node ranges
[    0.000000]   node   0: [mem 0x0000000000001000-0x000000000009efff]
[    0.000000]   node   0: [mem 0x0000000000100000-0x000000007e7effff]
[    0.000000] Initmem setup node 0 [mem 0x0000000000001000-0x000000007e7effff]
[    0.000000] ACPI: PM-Timer IO Port: 0x4008
[    0.000000] IOAPIC[0]: apic_id 2, version 32, address 0xfec00000, GSI 0-23
[    0.000000] ACPI: INT_SRC_OVR (bus 0 bus_irq 0 global_irq 2 dfl dfl)
[    0.000000] ACPI: INT_SRC_OVR (bus 0 bus_irq 9 global_irq 9 low level)
[    0.000000] Using ACPI (MADT) for SMP configuration information
[    0.000000] smpboot: Allowing 2 CPUs, 0 hotplug CPUs
[    0.000000] PM: Registered nosave memory: [mem 0x00000000-0x00000fff]
[    0.000000] PM: Registered nosave memory: [mem 0x0009f000-0x0009ffff]
[    0.000000] PM: Registered nosave memory: [mem 0x000a0000-0x000effff]
[    0.000000] PM: Registered nosave memory: [mem 0x000f0000-0x000fffff]
[    0.000000] e820: [mem 0x7e800000-0xfebfffff] available for PCI devices
[    0.000000] Booting paravirtualized kernel on KVM
[    0.000000] clocksource: refined-jiffies: mask: 0xffffffff max_cycles: 0xffffffff, max_idle_ns: 7645519600211568 ns
[    0.000000] setup_percpu: NR_CPUS:512 nr_cpumask_bits:512 nr_cpu_ids:2 nr_node_ids:1
[    0.000000] PERCPU: Embedded 33 pages/cpu @ffff88007e400000 s95448 r8192 d31528 u1048576
[    0.000000] Built 1 zonelists in Node order, mobility grouping on.  Total pages: 509912
[    0.000000] Policy zone: DMA32
[    0.000000] Kernel command line: BOOT_IMAGE=/boot/vmlinuz-4.4.0-177-generic root=UUID=29520b96-5b73-419e-9d4d-d12052490116 ro console=tty1 console=ttyS0
[    0.000000] PID hash table entries: 4096 (order: 3, 32768 bytes)
[    0.000000] Memory: 2004732K/2072120K available (8626K kernel code, 1336K rwdata, 4036K rodata, 1488K init, 1292K bss, 67388K reserved, 0K cma-reserved)
[    0.000000] SLUB: HWalign=64, Order=0-3, MinObjects=0, CPUs=2, Nodes=1
[    0.000000] Kernel/User page tables isolation: enabled
[    0.000000] Hierarchical RCU implementation.
[    0.000000] 	Build-time adjustment of leaf fanout to 64.
[    0.000000] 	RCU restricting CPUs from NR_CPUS=512 to nr_cpu_ids=2.
[    0.000000] RCU: Adjusting geometry for rcu_fanout_leaf=64, nr_cpu_ids=2
[    0.000000] NR_IRQS:33024 nr_irqs:440 16
[    0.000000] Console: colour VGA+ 80x25
[    0.000000] console [tty1] enabled
[    0.000000] console [ttyS0] enabled
[    0.000000] tsc: Detected 3192.750 MHz processor
[    0.452156] Calibrating delay loop (skipped) preset value.. 6385.50 BogoMIPS (lpj=12771000)
[    0.455949] pid_max: default: 32768 minimum: 301
[    0.457978] ACPI: Core revision 20150930
[    0.463971] ACPI: 2 ACPI AML tables successfully acquired and loaded
[    0.467232] Security Framework initialized
[    0.469008] Yama: becoming mindful.
[    0.473856] AppArmor: AppArmor initialized
[    0.485752] Dentry cache hash table entries: 262144 (order: 9, 2097152 bytes)
[    0.490090] Inode-cache hash table entries: 131072 (order: 8, 1048576 bytes)
[    0.502253] Mount-cache hash table entries: 4096 (order: 3, 32768 bytes)
[    0.504792] Mountpoint-cache hash table entries: 4096 (order: 3, 32768 bytes)
[    0.507930] Initializing cgroup subsys io
[    0.510118] Initializing cgroup subsys memory
[    0.511919] Initializing cgroup subsys devices
[    0.513777] Initializing cgroup subsys freezer
[    0.515702] Initializing cgroup subsys net_cls
[    0.517510] Initializing cgroup subsys perf_event
[    0.520023] Initializing cgroup subsys net_prio
[    0.521903] Initializing cgroup subsys hugetlb
[    0.523751] Initializing cgroup subsys pids
[    0.525878] mce: CPU supports 0 MCE banks
[    0.527665] Last level iTLB entries: 4KB 512, 2MB 8, 4MB 8
[    0.529964] Last level dTLB entries: 4KB 512, 2MB 32, 4MB 32, 1GB 0
[    0.532452] Spectre V1 : Mitigation: usercopy/swapgs barriers and __user pointer sanitization
[    0.536222] Spectre V2 : Mitigation: Full generic retpoline
[    0.538476] Spectre V2 : Spectre v2 / SpectreRSB mitigation: Filling RSB on context switch
[    0.542401] Speculative Store Bypass: Vulnerable
[    0.544520] MDS: Vulnerable: Clear CPU buffers attempted, no microcode
[    0.552940] Freeing SMP alternatives memory: 36K
[    0.567920] ftrace: allocating 32304 entries in 127 pages
[    0.691199] smpboot: APIC(0) Converting physical 0 to logical package 0
[    0.693695] smpboot: Max logical packages: 1
[    0.696122] x2apic enabled
[    0.698736] Switched APIC routing to physical x2apic.
[    0.703726] ..TIMER: vector=0x30 apic1=0 pin1=2 apic2=-1 pin2=-1
[    0.814726] smpboot: CPU0: Intel(R) Core(TM) i5-3470 CPU @ 3.20GHz (family: 0x6, model: 0x3a, stepping: 0x9)
[    0.821963] Performance Events: unsupported p6 CPU model 58 no PMU driver, software events only.
[    0.848768] KVM setup paravirtual spinlock
[    0.858948] x86: Booting SMP configuration:
[    0.860845] .... node  #0, CPUs:      #1
[    0.863127] kvm-clock: cpu 1, msr 0:7e7e3041, secondary cpu clock
[    0.866176] mce: CPU supports 0 MCE banks
[    0.869138] x86: Booted up 1 node, 2 CPUs
[    0.871750] smpboot: Total of 2 processors activated (12771.00 BogoMIPS)
[    0.875153] devtmpfs: initialized
[    0.888729] evm: security.selinux
[    0.890332] evm: security.SMACK64
[    0.891892] evm: security.SMACK64EXEC
[    0.893584] evm: security.SMACK64TRANSMUTE
[    0.895547] evm: security.SMACK64MMAP
[    0.897274] evm: security.ima
[    0.898862] evm: security.capability
[    0.901191] clocksource: jiffies: mask: 0xffffffff max_cycles: 0xffffffff, max_idle_ns: 7645041785100000 ns
[    0.905240] futex hash table entries: 512 (order: 3, 32768 bytes)
[    0.907943] pinctrl core: initialized pinctrl subsystem
[    0.910364] RTC time: 19:41:42, date: 04/27/20
[    0.912504] NET: Registered protocol family 16
[    0.927029] cpuidle: using governor ladder
[    0.938735] cpuidle: using governor menu
[    0.940428] PCCT header not found.
[    0.942182] ACPI: bus type PCI registered
[    0.943858] acpiphp: ACPI Hot Plug PCI Controller Driver version: 0.5
[    0.946417] PCI: Using configuration type 1 for base access
[    0.962998] ACPI: Added _OSI(Module Device)
[    0.965393] ACPI: Added _OSI(Processor Device)
[    0.967482] ACPI: Added _OSI(3.0 _SCP Extensions)
[    0.969600] ACPI: Added _OSI(Processor Aggregator Device)
[    0.973484] ACPI: Executed 1 blocks of module-level executable AML code
[    0.982368] ACPI: Interpreter enabled
[    0.984403] ACPI: (supports S0 S5)
[    0.986186] ACPI: Using IOAPIC for interrupt routing
[    0.988774] PCI: Using host bridge windows from ACPI; if necessary, use "pci=nocrs" and report a bug
[    1.003611] ACPI: PCI Root Bridge [PCI0] (domain 0000 [bus 00-ff])
[    1.006291] acpi PNP0A03:00: _OSC: OS supports [ASPM ClockPM Segments MSI]
[    1.011591] acpi PNP0A03:00: _OSC: not requesting OS control; OS requires [ExtendedConfig ASPM ClockPM MSI]
[    1.017307] acpi PNP0A03:00: fail to add MMCONFIG information, can't access extended PCI configuration space under this bridge.
[    1.025672] PCI host bridge to bus 0000:00
[    1.027763] pci_bus 0000:00: root bus resource [io  0x0000-0x0cf7 window]
[    1.030590] pci_bus 0000:00: root bus resource [io  0x0d00-0xffff window]
[    1.033795] pci_bus 0000:00: root bus resource [mem 0x000a0000-0x000bffff window]
[    1.037327] pci_bus 0000:00: root bus resource [mem 0x7e800000-0xfdffffff window]
[    1.040934] pci_bus 0000:00: root bus resource [bus 00-ff]
[    1.048518] pci 0000:00:01.1: legacy IDE quirk: reg 0x10: [io  0x01f0-0x01f7]
[    1.051271] pci 0000:00:01.1: legacy IDE quirk: reg 0x14: [io  0x03f6]
[    1.053930] pci 0000:00:01.1: legacy IDE quirk: reg 0x18: [io  0x0170-0x0177]
[    1.056676] pci 0000:00:01.1: legacy IDE quirk: reg 0x1c: [io  0x0376]
[    1.145290] pci 0000:00:07.0: quirk: [io  0x4000-0x403f] claimed by PIIX4 ACPI
[    1.148491] pci 0000:00:07.0: quirk: [io  0x4100-0x410f] claimed by PIIX4 SMB
[    1.177708] ACPI: PCI Interrupt Link [LNKA] (IRQs 5 9 10 *11)
[    1.181325] ACPI: PCI Interrupt Link [LNKB] (IRQs 5 9 *10 11)
[    1.184456] ACPI: PCI Interrupt Link [LNKC] (IRQs 5 *9 10 11)
[    1.187558] ACPI: PCI Interrupt Link [LNKD] (IRQs 5 9 10 *11)
[    1.193062] ACPI: Enabled 2 GPEs in block 00 to 07
[    1.195581] vgaarb: setting as boot device: PCI:0000:00:02.0
[    1.197773] vgaarb: device added: PCI:0000:00:02.0,decodes=io+mem,owns=io+mem,locks=none
[    1.201175] vgaarb: loaded
[    1.202561] vgaarb: bridge control possible 0000:00:02.0
[    1.205750] SCSI subsystem initialized
[    1.207622] ACPI: bus type USB registered
[    1.209391] usbcore: registered new interface driver usbfs
[    1.212180] usbcore: registered new interface driver hub
[    1.214329] usbcore: registered new device driver usb
[    1.216714] PCI: Using ACPI for IRQ routing
[    1.219161] NetLabel: Initializing
[    1.220822] NetLabel:  domain hash size = 128
[    1.222629] NetLabel:  protocols = UNLABELED CIPSOv4
[    1.224743] NetLabel:  unlabeled traffic allowed by default
[    1.227159] amd_nb: Cannot enumerate AMD northbridges
[    1.229203] clocksource: Switched to clocksource kvm-clock
[    1.266972] AppArmor: AppArmor Filesystem Enabled
[    1.269266] pnp: PnP ACPI init
[    1.272760] pnp: PnP ACPI: found 3 devices
[    1.296481] clocksource: acpi_pm: mask: 0xffffff max_cycles: 0xffffff, max_idle_ns: 2085701024 ns
[    1.302770] NET: Registered protocol family 2
[    1.308535] TCP established hash table entries: 16384 (order: 5, 131072 bytes)
[    1.313330] TCP bind hash table entries: 16384 (order: 6, 262144 bytes)
[    1.316610] TCP: Hash tables configured (established 16384 bind 16384)
[    1.319110] UDP hash table entries: 1024 (order: 3, 32768 bytes)
[    1.321597] UDP-Lite hash table entries: 1024 (order: 3, 32768 bytes)
[    1.324309] NET: Registered protocol family 1
[    1.326290] pci 0000:00:00.0: Limiting direct PCI/PCI transfers
[    1.328558] pci 0000:00:01.0: Activating ISA DMA hang workarounds
[    1.331198] Unpacking initramfs...
[    2.046775] Freeing initrd memory: 15436K
[    2.052608] RAPL PMU detected, API unit is 2^-32 Joules, 3 fixed counters 10737418240 ms ovfl timer
[    2.057362] hw unit of domain pp0-core 2^-0 Joules
[    2.060580] hw unit of domain package 2^-0 Joules
[    2.062849] hw unit of domain pp1-gpu 2^-0 Joules
[    2.065036] clocksource: tsc: mask: 0xffffffffffffffff max_cycles: 0x2e058963c54, max_idle_ns: 440795261564 ns
[    2.069465] platform rtc_cmos: registered platform RTC device (no PNP device found)
[    2.073126] Scanning for low memory corruption every 60 seconds
[    2.076467] audit: initializing netlink subsys (disabled)
[    2.078958] audit: type=2000 audit(1588016509.480:1): initialized
[    2.081841] Initialise system trusted keyring
[    2.085146] HugeTLB registered 2 MB page size, pre-allocated 0 pages
[    2.091086] zbud: loaded
[    2.093122] VFS: Disk quotas dquot_6.6.0
[    2.095018] VFS: Dquot-cache hash table entries: 512 (order 0, 4096 bytes)
[    2.098103] squashfs: version 4.0 (2009/01/31) Phillip Lougher
[    2.101130] fuse init (API version 7.23)
[    2.103155] Key type big_key registered
[    2.104867] Allocating IMA MOK and blacklist keyrings.
[    2.108693] Key type asymmetric registered
[    2.110990] Asymmetric key parser 'x509' registered
[    2.113070] Block layer SCSI generic (bsg) driver version 0.4 loaded (major 249)
[    2.116784] io scheduler noop registered
[    2.118667] io scheduler deadline registered (default)
[    2.120891] io scheduler cfq registered
[    2.122843] pci_hotplug: PCI Hot Plug PCI Core version: 0.5
[    2.125162] pciehp: PCI Express Hot Plug Controller Driver version: 0.4
[    2.128267] ACPI: AC Adapter [AC] (on-line)
[    2.130638] input: Power Button as /devices/LNXSYSTM:00/LNXPWRBN:00/input/input0
[    2.133939] ACPI: Power Button [PWRF]
[    2.135773] input: Sleep Button as /devices/LNXSYSTM:00/LNXSLPBN:00/input/input1
[    2.139281] ACPI: Sleep Button [SLPF]
[    2.141940] GHES: HEST is not enabled!
[    2.144396] Serial: 8250/16550 driver, 32 ports, IRQ sharing enabled
[    2.169923] 00:02: ttyS0 at I/O 0x3f8 (irq = 4, base_baud = 115200) is a 16550A
[    2.176831] Linux agpgart interface v0.103
[    2.181792] loop: module loaded
[    2.184488] scsi host0: ata_piix
[    2.186239] scsi host1: ata_piix
[    2.187916] ata1: PATA max UDMA/33 cmd 0x1f0 ctl 0x3f6 bmdma 0xd000 irq 14
[    2.190708] ata2: PATA max UDMA/33 cmd 0x170 ctl 0x376 bmdma 0xd008 irq 15
[    2.193595] libphy: Fixed MDIO Bus: probed
[    2.195691] tun: Universal TUN/TAP device driver, 1.6
[    2.197876] tun: (C) 1999-2004 Max Krasnyansky <maxk@qualcomm.com>
[    2.200424] PPP generic driver version 2.4.2
[    2.205380] ehci_hcd: USB 2.0 'Enhanced' Host Controller (EHCI) Driver
[    2.212293] ehci-pci: EHCI PCI platform driver
[    2.216586] ehci-platform: EHCI generic platform driver
[    2.218811] ohci_hcd: USB 1.1 'Open' Host Controller (OHCI) Driver
[    2.221301] ohci-pci: OHCI PCI platform driver
[    2.223706] ohci-platform: OHCI generic platform driver
[    2.225869] uhci_hcd: USB Universal Host Controller Interface driver
[    2.229912] i8042: PNP: PS/2 Controller [PNP0303:PS2K,PNP0f03:PS2M] at 0x60,0x64 irq 1,12
[    2.234066] serio: i8042 KBD port at 0x60,0x64 irq 1
[    2.236380] serio: i8042 AUX port at 0x60,0x64 irq 12
[    2.238769] mousedev: PS/2 mouse device common for all mice
[    2.241914] input: AT Translated Set 2 keyboard as /devices/platform/i8042/serio0/input/input2
[    2.245946] rtc_cmos rtc_cmos: rtc core: registered rtc_cmos as rtc0
[    2.248431] rtc_cmos rtc_cmos: alarms up to one day, 114 bytes nvram
[    2.251194] i2c /dev entries driver
[    2.253300] device-mapper: uevent: version 1.0.3
[    2.255905] device-mapper: ioctl: 4.34.0-ioctl (2015-10-28) initialised: dm-devel@redhat.com
[    2.260349] ledtrig-cpu: registered to indicate activity on CPUs
[    2.263668] NET: Registered protocol family 10
[    2.266036] NET: Registered protocol family 17
[    2.268327] Key type dns_resolver registered
[    2.270803] registered taskstats version 1
[    2.272895] Loading compiled-in X.509 certificates
[    2.275903] Loaded X.509 cert 'Build time autogenerated kernel key: a048edf52b07f04005c7780de0f875c713550332'
[    2.280241] zswap: loaded using pool lzo/zbud
[    2.285600] Key type trusted registered
[    2.293341] Key type encrypted registered
[    2.295492] AppArmor: AppArmor sha1 policy hashing enabled
[    2.297614] ima: No TPM chip found, activating TPM-bypass!
[    2.299893] ima: Allocated hash algorithm: sha1
[    2.302129] evm: HMAC attrs: 0x1
[    2.304248]   Magic number: 0:167:699
[    2.306127] rtc_cmos rtc_cmos: setting system clock to 2020-04-27 19:41:43 UTC (1588016503)
[    2.310233] BIOS EDD facility v0.16 2004-Jun-25, 0 devices found
[    2.312527] EDD information not available.
[    2.381473] Freeing unused kernel memory: 1488K
[    2.383444] Write protecting the kernel read-only data: 14336k
[    2.386684] Freeing unused kernel memory: 1604K
[    2.388831] Freeing unused kernel memory: 60K
Loading, please wait...
starting version 229
[    2.412067] random: systemd-udevd: uninitialized urandom read (16 bytes read, 3 bits of entropy available)
[    2.413049] random: udevadm: uninitialized urandom read (16 bytes read, 3 bits of entropy available)
[    2.413078] random: udevadm: uninitialized urandom read (16 bytes read, 3 bits of entropy available)
[    2.425109] random: systemd-udevd: uninitialized urandom read (16 bytes read, 3 bits of entropy available)
[    2.430151] random: systemd-udevd: uninitialized urandom read (16 bytes read, 3 bits of entropy available)
[    2.430257] random: udevadm: uninitialized urandom read (16 bytes read, 3 bits of entropy available)
[    2.430327] random: udevadm: uninitialized urandom read (16 bytes read, 3 bits of entropy available)
[    2.430623] random: udevadm: uninitialized urandom read (16 bytes read, 3 bits of entropy available)
[    2.430755] random: udevadm: uninitialized urandom read (16 bytes read, 3 bits of entropy available)
[    2.430847] random: udevadm: uninitialized urandom read (16 bytes read, 3 bits of entropy available)
[    2.504049] e1000: Intel(R) PRO/1000 Network Driver - version 7.3.21-k8-NAPI
[    2.506672] e1000: Copyright (c) 1999-2006 Intel Corporation.
[    2.523206] Fusion MPT base driver 3.04.20
[    2.525017] Copyright (c) 1999-2008 LSI Corporation
[    2.561057] Fusion MPT SPI Host driver 3.04.20
[    2.565952] AVX version of gcm_enc/dec engaged.
[    2.567841] AES CTR mode by8 optimization enabled
[    2.721874] input: ImExPS/2 Generic Explorer Mouse as /devices/platform/i8042/serio1/input/input4
[    3.085446] e1000 0000:00:03.0 eth0: (PCI:33MHz:32-bit) 02:1b:c5:10:6b:e2
[    3.088173] e1000 0000:00:03.0 eth0: Intel(R) PRO/1000 Network Connection
[    3.092752] mptbase: ioc0: Initiating bringup
[    4.336386] ioc0: LSI53C1030 A0: Capabilities={Initiator}
[    8.911400] scsi host2: ioc0: LSI53C1030 A0, FwRev=00000000h, Ports=1, MaxQ=256, IRQ=20
[   10.978539] scsi 2:0:0:0: Direct-Access     VBOX     HARDDISK         1.0  PQ: 0 ANSI: 5
[   10.987317] scsi target2:0:0: Beginning Domain Validation
[   10.991860] scsi target2:0:0: Domain Validation skipping write tests
[   10.995359] scsi target2:0:0: Ending Domain Validation
[   10.997644] scsi target2:0:0: asynchronous
[   11.000463] scsi 2:0:1:0: Direct-Access     VBOX     HARDDISK         1.0  PQ: 0 ANSI: 5
[   11.038148] scsi target2:0:1: Beginning Domain Validation
[   11.045179] scsi target2:0:1: Domain Validation skipping write tests
[   11.048569] scsi target2:0:1: Ending Domain Validation
[   11.051367] scsi target2:0:1: asynchronous
[   11.070703] sd 2:0:0:0: Attached scsi generic sg0 type 0
[   11.073951] sd 2:0:0:0: [sda] 20971520 512-byte logical blocks: (10.7 GB/10.0 GiB)
[   11.080708] sd 2:0:1:0: Attached scsi generic sg1 type 0
[   11.083401] sd 2:0:1:0: [sdb] 20480 512-byte logical blocks: (10.5 MB/10.0 MiB)
[   11.089650] sd 2:0:0:0: [sda] Write Protect is off
[   11.092285] sd 2:0:0:0: [sda] Incomplete mode parameter data
[   11.094781] sd 2:0:0:0: [sda] Assuming drive cache: write through
[   11.097257] sd 2:0:1:0: [sdb] Write Protect is off
[   11.099769] sd 2:0:1:0: [sdb] Incomplete mode parameter data
[   11.105161] sd 2:0:1:0: [sdb] Assuming drive cache: write through
[   11.115200]  sda: sda1
[   11.119006] sd 2:0:0:0: [sda] Attached SCSI disk
[   11.121448] sd 2:0:1:0: [sdb] Attached SCSI disk
[   12.364069] e1000 0000:00:08.0 eth1: (PCI:33MHz:32-bit) 08:00:27:b1:77:53
[   12.370369] e1000 0000:00:08.0 eth1: Intel(R) PRO/1000 Network Connection
[   12.375885] e1000 0000:00:03.0 enp0s3: renamed from eth0
[   12.390080] e1000 0000:00:08.0 enp0s8: renamed from eth1
Begin: Loading essential drivers ... [   15.210883] md: linear personality registered for level -1
[   15.216810] md: multipath personality registered for level -4
[   15.222975] md: raid0 personality registered for level 0
[   15.231781] md: raid1 personality registered for level 1
[   15.305817] raid6: sse2x1   gen()  2513 MB/s
[   15.373325] raid6: sse2x1   xor()  1774 MB/s
[   15.442120] raid6: sse2x2   gen()  4178 MB/s
[   15.509859] raid6: sse2x2   xor()  2769 MB/s
[   15.577239] raid6: sse2x4   gen()  6808 MB/s
[   15.645629] raid6: sse2x4   xor()  3619 MB/s
[   15.654962] raid6: using algorithm sse2x4 gen() 6808 MB/s
[   15.658397] raid6: .... xor() 3619 MB/s, rmw enabled
[   15.661378] raid6: using ssse3x2 recovery algorithm
[   15.665588] xor: automatically using best checksumming function:
[   15.705578]    avx       : 16532.000 MB/sec
[   15.709510] async_tx: api initialized (async)
[   15.727475] md: raid6 personality registered for level 6
[   15.729752] md: raid5 personality registered for level 5
[   15.732272] md: raid4 personality registered for level 4
[   15.745307] md: raid10 personality registered for level 10
done.
Begin: Running /scripts/init-premount ... done.
Begin: Mounting root file system ... Begin: Running /scripts/local-top ... done.
Begin: Running /scripts/local-premount ... [   15.810507] Btrfs loaded
Scanning for Btrfs filesystems
done.
Warning: fsck not present, so skipping root file system
[   15.867923] EXT4-fs (sda1): mounted filesystem with ordered data mode. Opts: (null)
done.
Begin: Running /scripts/local-bottom ... done.
Begin: Running /scripts/init-bottom ... done.
[   16.106800] systemd[1]: systemd 229 running in system mode. (+PAM +AUDIT +SELINUX +IMA +APPARMOR +SMACK +SYSVINIT +UTMP +LIBCRYPTSETUP +GCRYPT +GNUTLS +ACL +XZ -LZ4 +SECCOMP +BLKID +ELFUTILS +KMOD -IDN)
[   16.118188] systemd[1]: Detected virtualization oracle.
[   16.120402] systemd[1]: Detected architecture x86-64.

Welcome to [1mUbuntu 16.04.6 LTS[0m!

[   16.131406] systemd[1]: Set hostname to <laravelxenial>.
[   16.387591] systemd[1]: Reached target Swap.
[[0;32m  OK  [0m] Reached target Swap.
[   16.390967] systemd[1]: Listening on /dev/initctl Compatibility Named Pipe.
[[0;32m  OK  [0m] Listening on /dev/initctl Compatibility Named Pipe.
[   16.395444] systemd[1]: Reached target System Time Synchronized.
[[0;32m  OK  [0m] Reached target System Time Synchronized.
[   16.399774] systemd[1]: Set up automount Arbitrary Executable File Formats File System Automount Point.
[[0;32m  OK  [0m] Set up automount Arbitrary Executab...ats File System Automount Point.
[   16.405667] systemd[1]: Reached target User and Group Name Lookups.
[[0;32m  OK  [0m] Reached target User and Group Name Lookups.
[   16.409819] systemd[1]: Listening on udev Kernel Socket.
[[0;32m  OK  [0m] Listening on udev Kernel Socket.
[   16.414108] systemd[1]: Created slice User and Session Slice.
[[0;32m  OK  [0m] Created slice User and Session Slice.
[   16.417805] systemd[1]: Listening on LVM2 poll daemon socket.
[[0;32m  OK  [0m] Listening on LVM2 poll daemon socket.
[   16.421613] systemd[1]: Created slice System Slice.
[[0;32m  OK  [0m] Created slice System Slice.
[   16.425584] systemd[1]: Created slice system-serial\x2dgetty.slice.
[[0;32m  OK  [0m] Created slice system-serial\x2dgetty.slice.
[   16.437866] systemd[1]: Reached target Slices.
[[0;32m  OK  [0m] Reached target Slices.
[   16.444869] systemd[1]: Listening on Journal Audit Socket.
[[0;32m  OK  [0m] Listening on Journal Audit Socket.
[   16.448640] systemd[1]: Listening on udev Control Socket.
[[0;32m  OK  [0m] Listening on udev Control Socket.
[   16.452082] systemd[1]: Listening on Syslog Socket.
[[0;32m  OK  [0m] Listening on Syslog Socket.
[   16.455299] systemd[1]: Started Trigger resolvconf update for networkd DNS.
[[0;32m  OK  [0m] Started Trigger resolvconf update for networkd DNS.
[   16.460165] systemd[1]: Started Forward Password Requests to Wall Directory Watch.
[[0;32m  OK  [0m] Started Forward Password Requests to Wall Directory Watch.
[   16.465253] systemd[1]: Listening on LVM2 metadata daemon socket.
[[0;32m  OK  [0m] Listening on LVM2 metadata daemon socket.
[   16.469049] systemd[1]: Reached target Encrypted Volumes.
[[0;32m  OK  [0m] Reached target Encrypted Volumes.
[   16.477903] systemd[1]: Listening on Journal Socket (/dev/log).
[[0;32m  OK  [0m] Listening on Journal Socket (/dev/log).
[   16.481807] systemd[1]: Listening on Journal Socket.
[[0;32m  OK  [0m] Listening on Journal Socket.
[   16.506219] systemd[1]: Mounting POSIX Message Queue File System...
         Mounting POSIX Message Queue File System...
[   16.511936] systemd[1]: Mounting Debug File System...
         Mounting Debug File System...
[   16.516928] systemd[1]: Mounting Huge Pages File System...
         Mounting Huge Pages File System...
[   16.523338] systemd[1]: Starting Remount Root and Kernel File Systems...
         Starting Remount Root and Kernel File Systems...
[   16.531170] EXT4-fs (sda1): re-mounted. Opts: (null)
[   16.534662] systemd[1]: Starting Journal Service...
         Starting Journal Service...
[   16.542759] systemd[1]: Starting Set console keymap...
         Starting Set console keymap...
[   16.581639] systemd[1]: Starting Load Kernel Modules...
         Starting Load Kernel Modules...
[   16.599255] systemd[1]: Starting Uncomplicated firewall...
         Starting Uncomplicated firewall...
[   16.615171] Loading iSCSI transport class v2.0-870.
[   16.621392] systemd[1]: Starting Nameserver information manager...
         Starting Nameserver information manager...
[   16.660777] systemd[1]: Starting Create list of required static device nodes for the current kernel...
         Starting Create list of required st... nodes for the current kernel...
[   16.670833] systemd[1]: Listening on Device-mapper event daemon FIFOs.
[   16.677424] iscsi: registered transport (tcp)
[[0;32m  OK  [0m] Listening on Device-mapper event daemon FIFOs.
[   16.690446] systemd[1]: Starting Monitoring of LVM2 mirrors, snapshots etc. using dmeventd or progress polling...
         Starting Monitoring of LVM2 mirrors... dmeventd or progress polling...
[   16.719975] systemd[1]: Mounted Debug File System.
[[0;32m  OK  [0m] Mounted Debug File System.
[   16.729558] systemd[1]: Mounted POSIX Message Queue File System.
[[0;32m  OK  [0m] Mounted POSIX Message Queue File System.
[   16.734061] systemd[1]: Mounted Huge Pages File System.
[[0;32m  OK  [0m] Mounted Huge Pages File System.
[   16.738008] systemd[1]: Started Journal Service.
[[0;32m  OK  [0m] Started Journal Service.
[[0;32m  OK  [0m] Started Remount Root and Kernel File Systems.
[[0;32m  OK  [0m] Started Uncomplicated firewall.
[[0;32m  OK  [0m] Started Create list of required sta...ce nodes for the current kernel.
[[0;32m  OK  [0m] Started Set console keymap.
[[0;32m  OK  [0m] Started Nameserver information manager.[   16.777452] iscsi: registered transport (iser)

[[0;32m  OK  [0m] Started Load Kernel Modules.
[[0;32m  OK  [0m] Started LVM2 metadata daemon.
         Starting Apply Kernel Variables...
         Mounting FUSE Control File System...
         Starting Create Static Device Nodes in /dev...
         Starting udev Coldplug all Devices...
         Starting Load/Save Random Seed...
         Starting Flush Journal to Persistent Storage...
[[0;32m  OK  [0m] Mounted FUSE Control File System.
[[0;32m  OK  [0m] Started Load/Save Random Seed.
[[0;32m  OK  [0m] Started Apply Kernel Variables.
[[0;32m  OK  [0m] Started Flush Journal to Persistent Storage.
[[0;32m  OK  [0m] Started Create Static Device Nodes in /dev.
         Starting udev Kernel Device Manager...
[[0;32m  OK  [0m] Started udev Kernel Device Manager.
[[0;32m  OK  [0m] Started udev Coldplug all Devices.
[[0;32m  OK  [0m] Started Dispatch Password Requests to Console Directory Watch.
[[0;32m  OK  [0m] Found device /dev/ttyS0.
[[0;32m  OK  [0m] Listening on Load/Save RF Kill Switch Status /dev/rfkill Watch.
[[0;32m  OK  [0m] Started Monitoring of LVM2 mirrors,...ng dmeventd or progress polling.
[[0;32m  OK  [0m] Reached target Local File Systems (Pre).
[[0;32m  OK  [0m] Reached target Local File Systems.
         Starting LSB: AppArmor initialization...
         Starting Create Volatile Files and Directories...
         Starting Set console font and keymap...
         Starting Tell Plymouth To Write Out Runtime Data...
         Starting Initial cloud-init job (pre-networking)...
[[0;32m  OK  [0m] Started Tell Plymouth To Write Out Runtime Data.
[[0;32m  OK  [0m] Started Create Volatile Files and Directories.
[[0;32m  OK  [0m] Found device 82540EM Gigabit Ethern...r (PRO/1000 MT Desktop Adapter).
[[0;32m  OK  [0m] Found device 82540EM Gigabit Ethern...r (PRO/1000 MT Desktop Adapter).
         Starting Update UTMP about System Boot/Shutdown...
[[0;32m  OK  [0m] Started Update UTMP about System Boot/Shutdown.
[[0;32m  OK  [0m] Started LSB: AppArmor initialization.
[[0;32m  OK  [0m] Started Set console font and keymap.
[[0;32m  OK  [0m] Created slice system-getty.slice.
[   19.755840] cloud-init[642]: Cloud-init v. 19.4-33-gbb4131a2-0ubuntu1~16.04.1 running 'init-local' at Mon, 27 Apr 2020 19:42:00 +0000. Up 19.19 seconds.
[[0;32m  OK  [0m] Started Initial cloud-init job (pre-networking).
[[0;32m  OK  [0m] Reached target Network (Pre).
[[0;32m  OK  [0m] Started ifup for enp0s3.
[[0;32m  OK  [0m] Started ifup for enp0s8.
         Starting Raise network interfaces...
[[0;32m  OK  [0m] Started Raise network interfaces.
[[0;32m  OK  [0m] Reached target Network.
         Starting Initial cloud-init job (metadata service crawler)...
[   21.303836] cloud-init[1078]: Cloud-init v. 19.4-33-gbb4131a2-0ubuntu1~16.04.1 running 'init' at Mon, 27 Apr 2020 19:42:02 +0000. Up 20.72 seconds.
[   21.306767] cloud-init[1078]: ci-info: ++++++++++++++++++++++++++++++++++++++Net device info+++++++++++++++++++++++++++++++++++++++
[   21.310083] cloud-init[1078]: ci-info: +--------+------+-----------------------------+---------------+--------+-------------------+
[   21.321414] cloud-init[1078]: ci-info: | Device |  Up  |           Address           |      Mask     | Scope  |     Hw-Address    |
[   21.324164] cloud-init[1078]: ci-info: +--------+------+-----------------------------+---------------+--------+-------------------+
[   21.327230] cloud-init[1078]: ci-info: | enp0s3 | True |          10.0.2.15          | 255.255.255.0 | global | 02:1b:c5:10:6b:e2 |
[   21.330037] cloud-init[1078]: ci-info: | enp0s3 | True |  fe80::1b:c5ff:fe10:6be2/64 |       .       |  link  | 02:1b:c5:10:6b:e2 |
[   21.333917] cloud-init[1078]: ci-info: | enp0s8 | True |        192.168.33.79        | 255.255.255.0 | global | 08:00:27:b1:77:53 |
[   21.336470] cloud-init[1078]: ci-info: | enp0s8 | True | fe80::a00:27ff:feb1:7753/64 |       .       |  link  | 08:00:27:b1:77:53 |
[   21.339963] cloud-init[1078]: ci-info: |   lo   | True |          127.0.0.1          |   255.0.0.0   |  host  |         .         |
[   21.342633] cloud-init[1078]: ci-info: |   lo   | True |           ::1/128           |       .       |  host  |         .         |
[   21.345493] cloud-init[1078]: ci-info: +--------+------+-----------------------------+---------------+--------+-------------------+
[   21.349306] cloud-init[1078]: ci-info: ++++++++++++++++++++++++++++Route IPv4 info++++++++++++++++++++++++++++
[   21.351880] cloud-init[1078]: ci-info: +-------+--------------+----------+---------------+-----------+-------+
[   21.354331] cloud-init[1078]: ci-info: | Route | Destination  | Gateway  |    Genmask    | Interface | Flags |
[   21.356811] cloud-init[1078]: ci-info: +-------+--------------+----------+---------------+-----------+-------+
[   21.365274] cloud-init[1078]: ci-info: |   0   |   0.0.0.0    | 10.0.2.2 |    0.0.0.0    |   enp0s3  |   UG  |
[   21.373090] cloud-init[1078]: ci-info: |   1   |   10.0.2.0   | 0.0.0.0  | 255.255.255.0 |   enp0s3  |   U   |
[   21.378304] cloud-init[1078]: ci-info: |   2   | 192.168.33.0 | 0.0.0.0  | 255.255.255.0 |   enp0s8  |   U   |
[   21.380530] cloud-init[1078]: ci-info: +-------+--------------+----------+---------------+-----------+-------+
[   21.383490] cloud-init[1078]: ci-info: +++++++++++++++++++Route IPv6 info+++++++++++++++++++
[   21.385779] cloud-init[1078]: ci-info: +-------+-------------+---------+-----------+-------+
[   21.388249] cloud-init[1078]: ci-info: | Route | Destination | Gateway | Interface | Flags |
[   21.396499] cloud-init[1078]: ci-info: +-------+-------------+---------+-----------+-------+
[   21.398811] cloud-init[1078]: ci-info: |   0   |  fe80::/64  |    ::   |   enp0s8  |   U   |
[   21.401331] cloud-init[1078]: ci-info: |   1   |  fe80::/64  |    ::   |   enp0s3  |   U   |
[   21.417041] cloud-init[1078]: ci-info: |   4   |   ff00::/8  |    ::   |   enp0s8  |   U   |
[   21.424886] cloud-init[1078]: ci-info: |   5   |   ff00::/8  |    ::   |   enp0s3  |   U   |
[   21.432528] cloud-init[1078]: ci-info: +-------+-------------+---------+-----------+-------+
[[0;32m  OK  [0m] Started Initial cloud-init job (metadata service crawler).
[[0;32m  OK  [0m] Reached target Cloud-config availability.
[[0;32m  OK  [0m] Reached target Network is Online.
         Starting iSCSI initiator daemon (iscsid)...
[[0;32m  OK  [0m] Reached target System Initialization.
[[0;32m  OK  [0m] Listening on UUID daemon activation socket.
[[0;32m  OK  [0m] Started Daily Cleanup of Temporary Directories.
[[0;32m  OK  [0m] Started ACPI Events Check.
[[0;32m  OK  [0m] Reached target Paths.
[[0;32m  OK  [0m] Listening on ACPID Listen Socket.
         Starting LXD - unix socket.
[[0;32m  OK  [0m] Started Message of the Day.
         Starting Socket activation for snappy daemon.
[[0;32m  OK  [0m] Started Daily apt download activities.
[[0;32m  OK  [0m] Started Daily apt upgrade and clean activities.
[[0;32m  OK  [0m] Reached target Timers.
[[0;32m  OK  [0m] Listening on D-Bus System Message Bus Socket.
[[0;32m  OK  [0m] Listening on LXD - unix socket.
[[0;32m  OK  [0m] Listening on Socket activation for snappy daemon.
[[0;32m  OK  [0m] Reached target Sockets.
[[0;32m  OK  [0m] Reached target Basic System.
         Starting Advanced key-value store...
         Starting LSB: Record successful boot for GRUB...
         Starting Snappy daemon...
[[0;32m  OK  [0m] Started Regular background program processing daemon.
         Starting System Logging Service...
[[0;32m  OK  [0m] Started FUSE filesystem for LXC.
[[0;32m  OK  [0m] Started ACPI event daemon.
[[0;32m  OK  [0m] Started Deferred execution scheduler.
[[0;32m  OK  [0m] Started D-Bus System Message Bus.
         Starting LXD - container startup/shutdown...
         Starting Accounts Service...
         Starting OpenBSD Secure Shell server...
         Starting Message of the Day...
         Starting Login Service...
         Starting Virtualbox guest utils...
         Starting LSB: MD monitoring daemon...
         Starting /etc/rc.local Compatibility...
         Starting MySQL Community Server...
[[0;32m  OK  [0m] Started System Logging Service.
[[0;32m  OK  [0m] Started iSCSI initiator daemon (iscsid).
[[0;32m  OK  [0m] Started /etc/rc.local Compatibility.
         Starting Login to default iSCSI targets...
[[0;32m  OK  [0m] Started Login Service.
[[0;32m  OK  [0m] Started Unattended Upgrades Shutdown.
[[0;32m  OK  [0m] Started LSB: Record successful boot for GRUB.
[[0;32m  OK  [0m] Started LSB: MD monitoring daemon.
[[0;32m  OK  [0m] Started Login to default iSCSI targets.
[[0;32m  OK  [0m] Reached target Remote File Systems (Pre).
[[0;32m  OK  [0m] Reached target Remote File Systems.
         Starting LSB: Apache2 web server...
         Starting LSB: Set the CPU Frequency Scaling governor to "ondemand"...
         Starting LSB: daemon to balance interrupts for SMP systems...
         Starting Permit User Sessions...
         Starting LSB: automatic crash report generation...
[[0;32m  OK  [0m] Started Permit User Sessions.
[[0;32m  OK  [0m] Started OpenBSD Secure Shell server.
         Starting Authenticate and Authorize Users to Run Privileged Tasks...
         Starting Terminate Plymouth Boot Screen...
         Starting Hold until boot process finishes up...
[[0;32m  OK  [0m] Started LSB: Set the CPU Frequency Scaling governor to "ondemand".
[[0;32m  OK  [0m] Started Hold until boot process finishes up.
[[0;32m  OK  [0m] Started Terminate Plymouth Boot Screen.
[[0;32m  OK  [0m] Started Advanced key-value store.
[[0;32m  OK  [0m] Started Serial Getty on ttyS0.
         Starting Set console scheme...
[[0;32m  OK  [0m] Started Getty on tty1.
[[0;32m  OK  [0m] Reached target Login Prompts.
[[0;32m  OK  [0m] Started LSB: automatic crash report generation.
[[0;32m  OK  [0m] Started Set console scheme.
[[0;32m  OK  [0m] Started Authenticate and Authorize Users to Run Privileged Tasks.
[[0;32m  OK  [0m] Started Accounts Service.
[[0;32m  OK  [0m] Started Virtualbox guest utils.
[[0;32m  OK  [0m] Started LSB: daemon to balance interrupts for SMP systems.
[[0;32m  OK  [0m] Started LXD - container startup/shutdown.
[[0;32m  OK  [0m] Started Snappy daemon.
         Starting Wait until snapd is fully seeded...
[[0;32m  OK  [0m] Started Wait until snapd is fully seeded.
         Starting Apply the settings specified in cloud-config...
[[0;32m  OK  [0m] Started LSB: Apache2 web server.
[[0;32m  OK  [0m] Created slice User Slice of vagrant.
         Starting User Manager for UID 1000...
[[0;32m  OK  [0m] Started Session 1 of user vagrant.

Ubuntu 16.04.6 LTS laravelxenial ttyS0

laravelxenial login: [   30.472847] cloud-init[1422]: Cloud-init v. 19.4-33-gbb4131a2-0ubuntu1~16.04.1 running 'modules:config' at Mon, 27 Apr 2020 19:42:11 +0000. Up 29.54 seconds.
[   32.149224] cloud-init[1589]: Cloud-init v. 19.4-33-gbb4131a2-0ubuntu1~16.04.1 running 'modules:final' at Mon, 27 Apr 2020 19:42:13 +0000. Up 31.75 seconds.
[   32.149541] cloud-init[1589]: Cloud-init v. 19.4-33-gbb4131a2-0ubuntu1~16.04.1 finished at Mon, 27 Apr 2020 19:42:13 +0000. Datasource DataSourceNoCloud [seed=/dev/sdb][dsmode=net].  Up 32.13 seconds
[[0;32m  OK  [0m] Started ACPI event daemon.
         Stopping LSB: Apache2 web server...
[[0;32m  OK  [0m] Stopped LSB: Apache2 web server.
         Starting LSB: Apache2 web server...
[[0;32m  OK  [0m] Started LSB: Apache2 web server.
[[0;32m  OK  [0m] Started Daily apt upgrade and clean activities.
